Archive member included to satisfy reference by file (symbol)

C:/ST/STM32CubeIDE_1.16.1/STM32CubeIDE/plugins/com.st.stm32cube.ide.mcu.externaltools.gnu-tools-for-stm32.12.3.rel1.win32_1.0.200.202406191623/tools/bin/../lib/gcc/arm-none-eabi/12.3.1/../../../../arm-none-eabi/lib/thumb/v7-m/nofp\libc_nano.a(libc_a-exit.o)
                              C:/ST/STM32CubeIDE_1.16.1/STM32CubeIDE/plugins/com.st.stm32cube.ide.mcu.externaltools.gnu-tools-for-stm32.12.3.rel1.win32_1.0.200.202406191623/tools/bin/../lib/gcc/arm-none-eabi/12.3.1/../../../../arm-none-eabi/lib/thumb/v7-m/nofp/crt0.o (exit)
C:/ST/STM32CubeIDE_1.16.1/STM32CubeIDE/plugins/com.st.stm32cube.ide.mcu.externaltools.gnu-tools-for-stm32.12.3.rel1.win32_1.0.200.202406191623/tools/bin/../lib/gcc/arm-none-eabi/12.3.1/../../../../arm-none-eabi/lib/thumb/v7-m/nofp\libc_nano.a(libc_a-findfp.o)
                              C:/ST/STM32CubeIDE_1.16.1/STM32CubeIDE/plugins/com.st.stm32cube.ide.mcu.externaltools.gnu-tools-for-stm32.12.3.rel1.win32_1.0.200.202406191623/tools/bin/../lib/gcc/arm-none-eabi/12.3.1/../../../../arm-none-eabi/lib/thumb/v7-m/nofp\libc_nano.a(libc_a-exit.o) (__stdio_exit_handler)
C:/ST/STM32CubeIDE_1.16.1/STM32CubeIDE/plugins/com.st.stm32cube.ide.mcu.externaltools.gnu-tools-for-stm32.12.3.rel1.win32_1.0.200.202406191623/tools/bin/../lib/gcc/arm-none-eabi/12.3.1/../../../../arm-none-eabi/lib/thumb/v7-m/nofp\libc_nano.a(libc_a-fwalk.o)
                              C:/ST/STM32CubeIDE_1.16.1/STM32CubeIDE/plugins/com.st.stm32cube.ide.mcu.externaltools.gnu-tools-for-stm32.12.3.rel1.win32_1.0.200.202406191623/tools/bin/../lib/gcc/arm-none-eabi/12.3.1/../../../../arm-none-eabi/lib/thumb/v7-m/nofp\libc_nano.a(libc_a-findfp.o) (_fwalk_sglue)
C:/ST/STM32CubeIDE_1.16.1/STM32CubeIDE/plugins/com.st.stm32cube.ide.mcu.externaltools.gnu-tools-for-stm32.12.3.rel1.win32_1.0.200.202406191623/tools/bin/../lib/gcc/arm-none-eabi/12.3.1/../../../../arm-none-eabi/lib/thumb/v7-m/nofp\libc_nano.a(libc_a-stdio.o)
                              C:/ST/STM32CubeIDE_1.16.1/STM32CubeIDE/plugins/com.st.stm32cube.ide.mcu.externaltools.gnu-tools-for-stm32.12.3.rel1.win32_1.0.200.202406191623/tools/bin/../lib/gcc/arm-none-eabi/12.3.1/../../../../arm-none-eabi/lib/thumb/v7-m/nofp\libc_nano.a(libc_a-findfp.o) (__sread)
C:/ST/STM32CubeIDE_1.16.1/STM32CubeIDE/plugins/com.st.stm32cube.ide.mcu.externaltools.gnu-tools-for-stm32.12.3.rel1.win32_1.0.200.202406191623/tools/bin/../lib/gcc/arm-none-eabi/12.3.1/../../../../arm-none-eabi/lib/thumb/v7-m/nofp\libc_nano.a(libc_a-memset.o)
                              C:/ST/STM32CubeIDE_1.16.1/STM32CubeIDE/plugins/com.st.stm32cube.ide.mcu.externaltools.gnu-tools-for-stm32.12.3.rel1.win32_1.0.200.202406191623/tools/bin/../lib/gcc/arm-none-eabi/12.3.1/../../../../arm-none-eabi/lib/thumb/v7-m/nofp/crt0.o (memset)
C:/ST/STM32CubeIDE_1.16.1/STM32CubeIDE/plugins/com.st.stm32cube.ide.mcu.externaltools.gnu-tools-for-stm32.12.3.rel1.win32_1.0.200.202406191623/tools/bin/../lib/gcc/arm-none-eabi/12.3.1/../../../../arm-none-eabi/lib/thumb/v7-m/nofp\libc_nano.a(libc_a-closer.o)
                              C:/ST/STM32CubeIDE_1.16.1/STM32CubeIDE/plugins/com.st.stm32cube.ide.mcu.externaltools.gnu-tools-for-stm32.12.3.rel1.win32_1.0.200.202406191623/tools/bin/../lib/gcc/arm-none-eabi/12.3.1/../../../../arm-none-eabi/lib/thumb/v7-m/nofp\libc_nano.a(libc_a-stdio.o) (_close_r)
C:/ST/STM32CubeIDE_1.16.1/STM32CubeIDE/plugins/com.st.stm32cube.ide.mcu.externaltools.gnu-tools-for-stm32.12.3.rel1.win32_1.0.200.202406191623/tools/bin/../lib/gcc/arm-none-eabi/12.3.1/../../../../arm-none-eabi/lib/thumb/v7-m/nofp\libc_nano.a(libc_a-reent.o)
                              C:/ST/STM32CubeIDE_1.16.1/STM32CubeIDE/plugins/com.st.stm32cube.ide.mcu.externaltools.gnu-tools-for-stm32.12.3.rel1.win32_1.0.200.202406191623/tools/bin/../lib/gcc/arm-none-eabi/12.3.1/../../../../arm-none-eabi/lib/thumb/v7-m/nofp\libc_nano.a(libc_a-closer.o) (errno)
C:/ST/STM32CubeIDE_1.16.1/STM32CubeIDE/plugins/com.st.stm32cube.ide.mcu.externaltools.gnu-tools-for-stm32.12.3.rel1.win32_1.0.200.202406191623/tools/bin/../lib/gcc/arm-none-eabi/12.3.1/../../../../arm-none-eabi/lib/thumb/v7-m/nofp\libc_nano.a(libc_a-impure.o)
                              C:/ST/STM32CubeIDE_1.16.1/STM32CubeIDE/plugins/com.st.stm32cube.ide.mcu.externaltools.gnu-tools-for-stm32.12.3.rel1.win32_1.0.200.202406191623/tools/bin/../lib/gcc/arm-none-eabi/12.3.1/../../../../arm-none-eabi/lib/thumb/v7-m/nofp\libc_nano.a(libc_a-reent.o) (_impure_ptr)
C:/ST/STM32CubeIDE_1.16.1/STM32CubeIDE/plugins/com.st.stm32cube.ide.mcu.externaltools.gnu-tools-for-stm32.12.3.rel1.win32_1.0.200.202406191623/tools/bin/../lib/gcc/arm-none-eabi/12.3.1/../../../../arm-none-eabi/lib/thumb/v7-m/nofp\libc_nano.a(libc_a-lseekr.o)
[...]
Memory Configuration

Name             Origin             Length             Attributes
RAM              0x20000000         0x00005000         xrw
FLASH            0x08000000         0x00010000         xr
*default*        0x00000000         0xffffffff

Linker script and memory map

LOAD C:/ST/STM32CubeIDE_1.16.1/STM32CubeIDE/plugins/com.st.stm32cube.ide.mcu.externaltools.gnu-tools-for-stm32.12.3.rel1.win32_1.0.200.202406191623/tools/bin/../lib/gcc/arm-none-eabi/12.3.1/thumb/v7-m/nofp/crti.o
LOAD C:/ST/STM32CubeIDE_1.16.1/STM32CubeIDE/plugins/com.st.stm32cube.ide.mcu.externaltools.gnu-tools-for-stm32.12.3.rel1.win32_1.0.200.202406191623/tools/bin/../lib/gcc/arm-none-eabi/12.3.1/thumb/v7-m/nofp/crtbegin.o
LOAD C:/ST/STM32CubeIDE_1.16.1/STM32CubeIDE/plugins/com.st.stm32cube.ide.mcu.externaltools.gnu-tools-for-stm32.12.3.rel1.win32_1.0.200.202406191623/tools/bin/../lib/gcc/arm-none-eabi/12.3.1/../../../../arm-none-eabi/lib/thumb/v7-m/nofp/crt0.o
LOAD ./Core/Src/LCD.o
LOAD ./Core/Src/adc.o
LOAD ./Core/Src/gpio.o
LOAD ./Core/Src/main.o
LOAD ./Core/Src/stm32f1xx_hal_msp.o
LOAD ./Core/Src/stm32f1xx_it.o
LOAD ./Core/Src/syscalls.o
LOAD ./Core/Src/sysmem.o
LOAD ./Core/Src/system_stm32f1xx.o
LOAD ./Core/Startup/startup_stm32f103c8tx.o
LOAD ./Drivers/STM32F1xx_HAL_Driver/Src/stm32f1xx_hal.o
LOAD ./Drivers/STM32F1xx_HAL_Driver/Src/stm32f1xx_hal_adc.o
LOAD ./Drivers/STM32F1xx_HAL_Driver/Src/stm32f1xx_hal_adc_ex.o
LOAD ./Drivers/STM32F1xx_HAL_Driver/Src/stm32f1xx_hal_cortex.o
LOAD ./Drivers/STM32F1xx_HAL_Driver/Src/stm32f1xx_hal_dma.o
LOAD ./Drivers/STM32F1xx_HAL_Driver/Src/stm32f1xx_hal_exti.o
LOAD ./Drivers/STM32F1xx_HAL_Driver/Src/stm32f1xx_hal_flash.o
LOAD ./Drivers/STM32F1xx_HAL_Driver/Src/stm32f1xx_hal_flash_ex.o
LOAD ./Drivers/STM32F1xx_HAL_Driver/Src/stm32f1xx_hal_gpio.o
LOAD ./Drivers/STM32F1xx_HAL_Driver/Src/stm32f1xx_hal_gpio_ex.o
LOAD ./Drivers/STM32F1xx_HAL_Driver/Src/stm32f1xx_hal_pwr.o
LOAD ./Drivers/STM32F1xx_HAL_Driver/Src/stm32f1xx_hal_rcc.o
LOAD ./Drivers/STM32F1xx_HAL_Driver/Src/stm32f1xx_hal_rcc_ex.o
LOAD ./Drivers/STM32F1xx_HAL_Driver/Src/stm32f1xx_hal_tim.o
LOAD ./Drivers/STM32F1xx_HAL_Driver/Src/stm32f1xx_hal_tim_ex.o
START GROUP
LOAD C:/ST/STM32CubeIDE_1.16.1/STM32CubeIDE/plugins/com.st.stm32cube.ide.mcu.externaltools.gnu-tools-for-stm32.12.3.rel1.win32_1.0.200.202406191623/tools/bin/../lib/gcc/arm-none-eabi/12.3.1/../../../../arm-none-eabi/lib/thumb/v7-m/nofp\libc_nano.a
LOAD C:/ST/STM32CubeIDE_1.16.1/STM32CubeIDE/plugins/com.st.stm32cube.ide.mcu.externaltools.gnu-tools-for-stm32.12.3.rel1.win32_1.0.200.202406191623/tools/bin/../lib/gcc/arm-none-eabi/12.3.1/../../../../arm-none-eabi/lib/thumb/v7-m/nofp\libm.a
END GROUP
START GROUP
LOAD C:/ST/STM32CubeIDE_1.16.1/STM32CubeIDE/plugins/com.st.stm32cube.ide.mcu.externaltools.gnu-tools-for-stm32.12.3.rel1.win32_1.0.200.202406191623/tools/bin/../lib/gcc/arm-none-eabi/12.3.1/thumb/v7-m/nofp\libgcc.a
LOAD C:/ST/STM32CubeIDE_1.16.1/STM32CubeIDE/plugins/com.st.stm32cube.ide.mcu.externaltools.gnu-tools-for-stm32.12.3.rel1.win32_1.0.200.202406191623/tools/bin/../lib/gcc/arm-none-eabi/12.3.1/../../../../arm-none-eabi/lib/thumb/v7-m/nofp\libc_nano.a
END GROUP
START GROUP
LOAD C:/ST/STM32CubeIDE_1.16.1/STM32CubeIDE/plugins/com.st.stm32cube.ide.mcu.externaltools.gnu-tools-for-stm32.12.3.rel1.win32_1.0.200.202406191623/tools/bin/../lib/gcc/arm-none-eabi/12.3.1/thumb/v7-m/nofp\libgcc.a
LOAD C:/ST/STM32CubeIDE_1.16.1/STM32CubeIDE/plugins/com.st.stm32cube.ide.mcu.externaltools.gnu-tools-for-stm32.12.3.rel1.win32_1.0.200.202406191623/tools/bin/../lib/gcc/arm-none-eabi/12.3.1/../../../../arm-none-eabi/lib/thumb/v7-m/nofp\libc_nano.a
LOAD C:/ST/STM32CubeIDE_1.16.1/STM32CubeIDE/plugins/com.st.stm32cube.ide.mcu.externaltools.gnu-tools-for-stm32.12.3.rel1.win32_1.0.200.202406191623/tools/bin/../lib/gcc/arm-none-eabi/12.3.1/../../../../arm-none-eabi/lib/thumb/v7-m/nofp\libnosys.a
END GROUP
START GROUP
LOAD C:/ST/STM32CubeIDE_1.16.1/STM32CubeIDE/plugins/com.st.stm32cube.ide.mcu.externaltools.gnu-tools-for-stm32.12.3.rel1.win32_1.0.200.202406191623/tools/bin/../lib/gcc/arm-none-eabi/12.3.1/thumb/v7-m/nofp\libgcc.a
LOAD C:/ST/STM32CubeIDE_1.16.1/STM32CubeIDE/plugins/com.st.stm32cube.ide.mcu.externaltools.gnu-tools-for-stm32.12.3.rel1.win32_1.0.200.202406191623/tools/bin/../lib/gcc/arm-none-eabi/12.3.1/../../../../arm-none-eabi/lib/thumb/v7-m/nofp\libc_nano.a
LOAD C:/ST/STM32CubeIDE_1.16.1/STM32CubeIDE/plugins/com.st.stm32cube.ide.mcu.externaltools.gnu-tools-for-stm32.12.3.rel1.win32_1.0.200.202406191623/tools/bin/../lib/gcc/arm-none-eabi/12.3.1/../../../../arm-none-eabi/lib/thumb/v7-m/nofp\libnosys.a
END GROUP
LOAD C:/ST/STM32CubeIDE_1.16.1/STM32CubeIDE/plugins/com.st.stm32cube.ide.mcu.externaltools.gnu-tools-for-stm32.12.3.rel1.win32_1.0.200.202406191623/tools/bin/../lib/gcc/arm-none-eabi/12.3.1/thumb/v7-m/nofp/crtend.o
LOAD C:/ST/STM32CubeIDE_1.16.1/STM32CubeIDE/plugins/com.st.stm32cube.ide.mcu.externaltools.gnu-tools-for-stm32.12.3.rel1.win32_1.0.200.202406191623/tools/bin/../lib/gcc/arm-none-eabi/12.3.1/thumb/v7-m/nofp/crtn.o
                0x20005000                        _estack = (ORIGIN (RAM) + LENGTH (RAM))
                0x00000200                        _Min_Heap_Size = 0x200
                0x00000400                        _Min_Stack_Size = 0x400

.isr_vector     0x08000000      0x10c
                0x08000000                        . = ALIGN (0x4)
 *(.isr_vector)
 .isr_vector    0x08000000      0x10c ./Core/Startup/startup_stm32f103c8tx.o
                0x08000000                g_pfnVectors
                0x0800010c                        . = ALIGN (0x4)

.text           0x0800010c     0x1acc
                0x0800010c                        . = ALIGN (0x4)
 *(.text)
 .text          0x0800010c       0x40 C:/ST/STM32CubeIDE_1.16.1/STM32CubeIDE/plugins/com.st.stm32cube.ide.mcu.externaltools.gnu-tools-for-stm32.12.3.rel1.win32_1.0.200.202406191623/tools/bin/../lib/gcc/arm-none-eabi/12.3.1/thumb/v7-m/nofp/crtbegin.o
 *(.text*)
 .text.LCD_init
                0x0800014c       0x68 ./Core/Src/LCD.o
                0x0800014c                LCD_init
 .text.LCD_Clear
                0x080001b4        0xe ./Core/Src/LCD.o
                0x080001b4                LCD_Clear
 *fill*         0x080001c2        0x2 
 .text.LCD_Write_Command
                0x080001c4       0x64 ./Core/Src/LCD.o
                0x080001c4                LCD_Write_Command
 .text.MX_ADC1_Init
                0x08000228       0x7c ./Core/Src/adc.o
                0x08000228                MX_ADC1_Init
 .text.HAL_ADC_MspInit
                0x080002a4       0x88 ./Core/Src/adc.o
                0x080002a4                HAL_ADC_MspInit
 .text.MX_GPIO_Init
                0x0800032c       0xd8 ./Core/Src/gpio.o
                0x0800032c                MX_GPIO_Init
 .text.main     0x08000404       0x20 ./Core/Src/main.o
                0x08000404                main
 .text.SystemClock_Config
                0x08000424       0xb0 ./Core/Src/main.o
                0x08000424                SystemClock_Config
 .text.Error_Handler
                0x080004d4        0xc ./Core/Src/main.o
                0x080004d4                Error_Handler
 .text.HAL_MspInit
                0x080004e0       0x64 ./Core/Src/stm32f1xx_hal_msp.o
                0x080004e0                HAL_MspInit
 .text.NMI_Handler
                0x08000544        0x8 ./Core/Src/stm32f1xx_it.o
                0x08000544                NMI_Handler
 .text.HardFault_Handler
                0x0800054c        0x8 ./Core/Src/stm32f1xx_it.o
                0x0800054c                HardFault_Handler
 .text.MemManage_Handler
                0x08000554        0x8 ./Core/Src/stm32f1xx_it.o
                0x08000554                MemManage_Handler
 .text.BusFault_Handler
                0x0800055c        0x8 ./Core/Src/stm32f1xx_it.o
                0x0800055c                BusFault_Handler
 .text.UsageFault_Handler
                0x08000564        0x8 ./Core/Src/stm32f1xx_it.o
                0x08000564                UsageFault_Handler
 .text.SVC_Handler
                0x0800056c        0xc ./Core/Src/stm32f1xx_it.o
                0x0800056c                SVC_Handler
 .text.DebugMon_Handler
                0x08000578        0xc ./Core/Src/stm32f1xx_it.o
                0x08000578                DebugMon_Handler
 .text.PendSV_Handler
                0x08000584        0xc ./Core/Src/stm32f1xx_it.o
                0x08000584                PendSV_Handler
 .text.SysTick_Handler
                0x08000590        0xc ./Core/Src/stm32f1xx_it.o
                0x08000590                SysTick_Handler
 .text.ADC1_2_IRQHandler
                0x0800059c       0x14 ./Core/Src/stm32f1xx_it.o
                0x0800059c                ADC1_2_IRQHandler
 .text.SystemInit
                0x080005b0        0xc ./Core/Src/system_stm32f1xx.o
                0x080005b0                SystemInit
 .text.Reset_Handler
                0x080005bc       0x48 ./Core/Startup/startup_stm32f103c8tx.o
                0x080005bc                Reset_Handler
 .text.Default_Handler
                0x08000604        0x2 ./Core/Startup/startup_stm32f103c8tx.o
                0x08000604                RTC_Alarm_IRQHandler
                0x08000604                EXTI2_IRQHandler
                0x08000604                TIM1_CC_IRQHandler
                0x08000604                PVD_IRQHandler
                0x08000604                EXTI3_IRQHandler
                0x08000604                EXTI0_IRQHandler
                0x08000604                I2C2_EV_IRQHandler
                0x08000604                SPI1_IRQHandler
                0x08000604                TAMPER_IRQHandler
                0x08000604                DMA1_Channel4_IRQHandler
                0x08000604                USART3_IRQHandler
                0x08000604                RTC_IRQHandler
                0x08000604                DMA1_Channel7_IRQHandler
                0x08000604                CAN1_RX1_IRQHandler
                0x08000604                TIM4_IRQHandler
                0x08000604                I2C1_EV_IRQHandler
                0x08000604                DMA1_Channel6_IRQHandler
                0x08000604                TIM3_IRQHandler
                0x08000604                RCC_IRQHandler
                0x08000604                TIM1_TRG_COM_IRQHandler
                0x08000604                DMA1_Channel1_IRQHandler
                0x08000604                Default_Handler
                0x08000604                EXTI15_10_IRQHandler
                0x08000604                EXTI9_5_IRQHandler
                0x08000604                SPI2_IRQHandler
                0x08000604                DMA1_Channel5_IRQHandler
                0x08000604                EXTI4_IRQHandler
                0x08000604                USB_LP_CAN1_RX0_IRQHandler
                0x08000604                USB_HP_CAN1_TX_IRQHandler
                0x08000604                DMA1_Channel3_IRQHandler
                0x08000604                TIM1_UP_IRQHandler
                0x08000604                WWDG_IRQHandler
                0x08000604                TIM2_IRQHandler
                0x08000604                TIM1_BRK_IRQHandler
                0x08000604                EXTI1_IRQHandler
                0x08000604                USART2_IRQHandler
                0x08000604                I2C2_ER_IRQHandler
                0x08000604                DMA1_Channel2_IRQHandler
                0x08000604                CAN1_SCE_IRQHandler
                0x08000604                FLASH_IRQHandler
                0x08000604                USART1_IRQHandler
                0x08000604                I2C1_ER_IRQHandler
                0x08000604                USBWakeUp_IRQHandler
 *fill*         0x08000606        0x2 
 .text.HAL_Init
                0x08000608       0x2c ./Drivers/STM32F1xx_HAL_Driver/Src/stm32f1xx_hal.o
                0x08000608                HAL_Init
 .text.HAL_InitTick
                0x08000634       0x60 ./Drivers/STM32F1xx_HAL_Driver/Src/stm32f1xx_hal.o
                0x08000634                HAL_InitTick
 .text.HAL_IncTick
                0x08000694       0x24 ./Drivers/STM32F1xx_HAL_Driver/Src/stm32f1xx_hal.o
                0x08000694                HAL_IncTick
 .text.HAL_GetTick
                0x080006b8       0x14 ./Drivers/STM32F1xx_HAL_Driver/Src/stm32f1xx_hal.o
                0x080006b8                HAL_GetTick
 .text.HAL_Delay
                0x080006cc       0x48 ./Drivers/STM32F1xx_HAL_Driver/Src/stm32f1xx_hal.o
                0x080006cc                HAL_Delay
 .text.HAL_ADC_Init
                0x08000714      0x1b0 ./Drivers/STM32F1xx_HAL_Driver/Src/stm32f1xx_hal_adc.o
                0x08000714                HAL_ADC_Init
 .text.HAL_ADC_IRQHandler
                0x080008c4      0x17e ./Drivers/STM32F1xx_HAL_Driver/Src/stm32f1xx_hal_adc.o
                0x080008c4                HAL_ADC_IRQHandler
 .text.HAL_ADC_ConvCpltCallback
                0x08000a42       0x12 ./Drivers/STM32F1xx_HAL_Driver/Src/stm32f1xx_hal_adc.o
                0x08000a42                HAL_ADC_ConvCpltCallback
 .text.HAL_ADC_LevelOutOfWindowCallback
                0x08000a54       0x12 ./Drivers/STM32F1xx_HAL_Driver/Src/stm32f1xx_hal_adc.o
                0x08000a54                HAL_ADC_LevelOutOfWindowCallback
 *fill*         0x08000a66        0x2 
 .text.HAL_ADC_ConfigChannel
                0x08000a68      0x1f0 ./Drivers/STM32F1xx_HAL_Driver/Src/stm32f1xx_hal_adc.o
                0x08000a68                HAL_ADC_ConfigChannel
 .text.ADC_ConversionStop_Disable
                0x08000c58       0x82 ./Drivers/STM32F1xx_HAL_Driver/Src/stm32f1xx_hal_adc.o
                0x08000c58                ADC_ConversionStop_Disable
 .text.HAL_ADCEx_InjectedConvCpltCallback
                0x08000cda       0x12 ./Drivers/STM32F1xx_HAL_Driver/Src/stm32f1xx_hal_adc_ex.o
                0x08000cda                HAL_ADCEx_InjectedConvCpltCallback
 .text.__NVIC_SetPriorityGrouping
                0x08000cec       0x48 ./Drivers/STM32F1xx_HAL_Driver/Src/stm32f1xx_hal_cortex.o
 .text.__NVIC_GetPriorityGrouping
                0x08000d34       0x1c ./Drivers/STM32F1xx_HAL_Driver/Src/stm32f1xx_hal_cortex.o
 .text.__NVIC_EnableIRQ
                0x08000d50       0x38 ./Drivers/STM32F1xx_HAL_Driver/Src/stm32f1xx_hal_cortex.o
 .text.__NVIC_SetPriority
                0x08000d88       0x54 ./Drivers/STM32F1xx_HAL_Driver/Src/stm32f1xx_hal_cortex.o
 .text.NVIC_EncodePriority
                0x08000ddc       0x64 ./Drivers/STM32F1xx_HAL_Driver/Src/stm32f1xx_hal_cortex.o
 .text.SysTick_Config
                0x08000e40       0x44 ./Drivers/STM32F1xx_HAL_Driver/Src/stm32f1xx_hal_cortex.o
 .text.HAL_NVIC_SetPriorityGrouping
                0x08000e84       0x16 ./Drivers/STM32F1xx_HAL_Driver/Src/stm32f1xx_hal_cortex.o
                0x08000e84                HAL_NVIC_SetPriorityGrouping
 .text.HAL_NVIC_SetPriority
                0x08000e9a       0x38 ./Drivers/STM32F1xx_HAL_Driver/Src/stm32f1xx_hal_cortex.o
                0x08000e9a                HAL_NVIC_SetPriority
 .text.HAL_NVIC_EnableIRQ
                0x08000ed2       0x1c ./Drivers/STM32F1xx_HAL_Driver/Src/stm32f1xx_hal_cortex.o
                0x08000ed2                HAL_NVIC_EnableIRQ
 .text.HAL_SYSTICK_Config
                0x08000eee       0x18 ./Drivers/STM32F1xx_HAL_Driver/Src/stm32f1xx_hal_cortex.o
                0x08000eee                HAL_SYSTICK_Config
 *fill*         0x08000f06        0x2 
 .text.HAL_GPIO_Init
                0x08000f08      0x308 ./Drivers/STM32F1xx_HAL_Driver/Src/stm32f1xx_hal_gpio.o
                0x08000f08                HAL_GPIO_Init
 .text.HAL_GPIO_WritePin
                0x08001210       0x30 ./Drivers/STM32F1xx_HAL_Driver/Src/stm32f1xx_hal_gpio.o
                0x08001210                HAL_GPIO_WritePin
 .text.HAL_RCC_OscConfig
                0x08001240      0x504 ./Drivers/STM32F1xx_HAL_Driver/Src/stm32f1xx_hal_rcc.o
                0x08001240                HAL_RCC_OscConfig
 .text.HAL_RCC_ClockConfig
                0x08001744      0x1d4 ./Drivers/STM32F1xx_HAL_Driver/Src/stm32f1xx_hal_rcc.o
                0x08001744                HAL_RCC_ClockConfig
 .text.HAL_RCC_GetSysClockFreq
                0x08001918       0xa8 ./Drivers/STM32F1xx_HAL_Driver/Src/stm32f1xx_hal_rcc.o
                0x08001918                HAL_RCC_GetSysClockFreq
 .text.RCC_Delay
                0x080019c0       0x3c ./Drivers/STM32F1xx_HAL_Driver/Src/stm32f1xx_hal_rcc.o
 .text.HAL_RCCEx_PeriphCLKConfig
                0x080019fc      0x16c ./Drivers/STM32F1xx_HAL_Driver/Src/stm32f1xx_hal_rcc_ex.o
                0x080019fc                HAL_RCCEx_PeriphCLKConfig
 .text.memset   0x08001b68       0x10 C:/ST/STM32CubeIDE_1.16.1/STM32CubeIDE/plugins/com.st.stm32cube.ide.mcu.externaltools.gnu-tools-for-stm32.12.3.rel1.win32_1.0.200.202406191623/tools/bin/../lib/gcc/arm-none-eabi/12.3.1/../../../../arm-none-eabi/lib/thumb/v7-m/nofp\libc_nano.a(libc_a-memset.o)
                0x08001b68                memset
 .text.__libc_init_array
                0x08001b78       0x48 C:/ST/STM32CubeIDE_1.16.1/STM32CubeIDE/plugins/com.st.stm32cube.ide.mcu.externaltools.gnu-tools-for-stm32.12.3.rel1.win32_1.0.200.202406191623/tools/bin/../lib/gcc/arm-none-eabi/12.3.1/../../../../arm-none-eabi/lib/thumb/v7-m/nofp\libc_nano.a(libc_a-init.o)
                0x08001b78                __libc_init_array
 *(.glue_7)
 .glue_7        0x08001bc0        0x0 linker stubs
 *(.glue_7t)
 .glue_7t       0x08001bc0        0x0 linker stubs
 *(.eh_frame)
 .eh_frame      0x08001bc0        0x0 C:/ST/STM32CubeIDE_1.16.1/STM32CubeIDE/plugins/com.st.stm32cube.ide.mcu.externaltools.gnu-tools-for-stm32.12.3.rel1.win32_1.0.200.202406191623/tools/bin/../lib/gcc/arm-none-eabi/12.3.1/thumb/v7-m/nofp/crtbegin.o
 *(.init)
 .init          0x08001bc0        0x4 C:/ST/STM32CubeIDE_1.16.1/STM32CubeIDE/plugins/com.st.stm32cube.ide.mcu.externaltools.gnu-tools-for-stm32.12.3.rel1.win32_1.0.200.202406191623/tools/bin/../lib/gcc/arm-none-eabi/12.3.1/thumb/v7-m/nofp/crti.o
                0x08001bc0                _init
 .init          0x08001bc4        0x8 C:/ST/STM32CubeIDE_1.16.1/STM32CubeIDE/plugins/com.st.stm32cube.ide.mcu.externaltools.gnu-tools-for-stm32.12.3.rel1.win32_1.0.200.202406191623/tools/bin/../lib/gcc/arm-none-eabi/12.3.1/thumb/v7-m/nofp/crtn.o
 *(.fini)
 .fini          0x08001bcc        0x4 C:/ST/STM32CubeIDE_1.16.1/STM32CubeIDE/plugins/com.st.stm32cube.ide.mcu.externaltools.gnu-tools-for-stm32.12.3.rel1.win32_1.0.200.202406191623/tools/bin/../lib/gcc/arm-none-eabi/12.3.1/thumb/v7-m/nofp/crti.o
                0x08001bcc                _fini
 .fini          0x08001bd0        0x8 C:/ST/STM32CubeIDE_1.16.1/STM32CubeIDE/plugins/com.st.stm32cube.ide.mcu.externaltools.gnu-tools-for-stm32.12.3.rel1.win32_1.0.200.202406191623/tools/bin/../lib/gcc/arm-none-eabi/12.3.1/thumb/v7-m/nofp/crtn.o
                0x08001bd8                        . = ALIGN (0x4)
                0x08001bd8                        _etext = .

.vfp11_veneer   0x08001bd8        0x0
 .vfp11_veneer  0x08001bd8        0x0 linker stubs

.v4_bx          0x08001bd8        0x0
 .v4_bx         0x08001bd8        0x0 linker stubs

.iplt           0x08001bd8        0x0
 .iplt          0x08001bd8        0x0 C:/ST/STM32CubeIDE_1.16.1/STM32CubeIDE/plugins/com.st.stm32cube.ide.mcu.externaltools.gnu-tools-for-stm32.12.3.rel1.win32_1.0.200.202406191623/tools/bin/../lib/gcc/arm-none-eabi/12.3.1/thumb/v7-m/nofp/crtbegin.o

.rodata         0x08001bd8       0x24
                0x08001bd8                        . = ALIGN (0x4)
 *(.rodata)
 *(.rodata*)
 .rodata.AHBPrescTable
                0x08001bd8       0x10 ./Core/Src/system_stm32f1xx.o
                0x08001bd8                AHBPrescTable
 .rodata.aPLLMULFactorTable.1
                0x08001be8       0x10 ./Drivers/STM32F1xx_HAL_Driver/Src/stm32f1xx_hal_rcc.o
 .rodata.aPredivFactorTable.0
                0x08001bf8        0x2 ./Drivers/STM32F1xx_HAL_Driver/Src/stm32f1xx_hal_rcc.o
                0x08001bfc                        . = ALIGN (0x4)
 *fill*         0x08001bfa        0x2 

.ARM.extab      0x08001bfc        0x0
                0x08001bfc                        . = ALIGN (0x4)
 *(.ARM.extab* .gnu.linkonce.armextab.*)
                0x08001bfc                        . = ALIGN (0x4)

.ARM            0x08001bfc        0x0
                0x08001bfc                        . = ALIGN (0x4)
                0x08001bfc                        __exidx_start = .
 *(.ARM.exidx*)
                0x08001bfc                        __exidx_end = .
                0x08001bfc                        . = ALIGN (0x4)

.preinit_array  0x08001bfc        0x0
                0x08001bfc                        . = ALIGN (0x4)
                0x08001bfc                        PROVIDE (__preinit_array_start = .)
 *(.preinit_array*)
                0x08001bfc                        PROVIDE (__preinit_array_end = .)
                0x08001bfc                        . = ALIGN (0x4)

.init_array     0x08001bfc        0x4
                0x08001bfc                        . = ALIGN (0x4)
                0x08001bfc                        PROVIDE (__init_array_start = .)
 *(SORT_BY_NAME(.init_array.*))
 *(.init_array*)
 .init_array    0x08001bfc        0x4 C:/ST/STM32CubeIDE_1.16.1/STM32CubeIDE/plugins/com.st.stm32cube.ide.mcu.externaltools.gnu-tools-for-stm32.12.3.rel1.win32_1.0.200.202406191623/tools/bin/../lib/gcc/arm-none-eabi/12.3.1/thumb/v7-m/nofp/crtbegin.o
                0x08001c00                        PROVIDE (__init_array_end = .)
                0x08001c00                        . = ALIGN (0x4)

.fini_array     0x08001c00        0x4
                0x08001c00                        . = ALIGN (0x4)
                [!provide]                        PROVIDE (__fini_array_start = .)
 *(SORT_BY_NAME(.fini_array.*))
 *(.fini_array*)
 .fini_array    0x08001c00        0x4 C:/ST/STM32CubeIDE_1.16.1/STM32CubeIDE/plugins/com.st.stm32cube.ide.mcu.externaltools.gnu-tools-for-stm32.12.3.rel1.win32_1.0.200.202406191623/tools/bin/../lib/gcc/arm-none-eabi/12.3.1/thumb/v7-m/nofp/crtbegin.o
                [!provide]                        PROVIDE (__fini_array_end = .)
                0x08001c04                        . = ALIGN (0x4)
                0x08001c04                        _sidata = LOADADDR (.data)

.rel.dyn        0x08001c04        0x0
 .rel.iplt      0x08001c04        0x0 C:/ST/STM32CubeIDE_1.16.1/STM32CubeIDE/plugins/com.st.stm32cube.ide.mcu.externaltools.gnu-tools-for-stm32.12.3.rel1.win32_1.0.200.202406191623/tools/bin/../lib/gcc/arm-none-eabi/12.3.1/thumb/v7-m/nofp/crtbegin.o

.data           0x20000000        0xc load address 0x08001c04
                0x20000000                        . = ALIGN (0x4)
                0x20000000                        _sdata = .
 *(.data)
 *(.data*)
 .data.SystemCoreClock
                0x20000000        0x4 ./Core/Src/system_stm32f1xx.o
                0x20000000                SystemCoreClock
 .data.uwTickPrio
                0x20000004        0x4 ./Drivers/STM32F1xx_HAL_Driver/Src/stm32f1xx_hal.o
                0x20000004                uwTickPrio
 .data.uwTickFreq
                0x20000008        0x1 ./Drivers/STM32F1xx_HAL_Driver/Src/stm32f1xx_hal.o
                0x20000008                uwTickFreq
 *(.RamFunc)
 *(.RamFunc*)
                0x2000000c                        . = ALIGN (0x4)
 *fill*         0x20000009        0x3 
                0x2000000c                        _edata = .

.igot.plt       0x2000000c        0x0 load address 0x08001c10
 .igot.plt      0x2000000c        0x0 C:/ST/STM32CubeIDE_1.16.1/STM32CubeIDE/plugins/com.st.stm32cube.ide.mcu.externaltools.gnu-tools-for-stm32.12.3.rel1.win32_1.0.200.202406191623/tools/bin/../lib/gcc/arm-none-eabi/12.3.1/thumb/v7-m/nofp/crtbegin.o
                0x2000000c                        . = ALIGN (0x4)

.bss            0x2000000c       0x50 load address 0x08001c10
                0x2000000c                        _sbss = .
                0x2000000c                        __bss_start__ = _sbss
 *(.bss)
 .bss           0x2000000c       0x1c C:/ST/STM32CubeIDE_1.16.1/STM32CubeIDE/plugins/com.st.stm32cube.ide.mcu.externaltools.gnu-tools-for-stm32.12.3.rel1.win32_1.0.200.202406191623/tools/bin/../lib/gcc/arm-none-eabi/12.3.1/thumb/v7-m/nofp/crtbegin.o
 *(.bss*)
 .bss.hadc1     0x20000028       0x30 ./Core/Src/adc.o
                0x20000028                hadc1
 .bss.uwTick    0x20000058        0x4 ./Drivers/STM32F1xx_HAL_Driver/Src/stm32f1xx_hal.o
                0x20000058                uwTick
 *(COMMON)
                0x2000005c                        . = ALIGN (0x4)
                0x2000005c                        _ebss = .
                0x2000005c                        __bss_end__ = _ebss

._user_heap_stack
                0x2000005c      0x604 load address 0x08001c10
                0x20000060                        . = ALIGN (0x8)
 *fill*         0x2000005c        0x4 
                [!provide]                        PROVIDE (end = .)
                0x20000060                        PROVIDE (_end = .)
                0x20000260                        . = (. + _Min_Heap_Size)
 *fill*         0x20000060      0x200 
                0x20000660                        . = (. + _Min_Stack_Size)
 *fill*         0x20000260      0x400 
                0x20000660                        . = ALIGN (0x8)

/DISCARD/
 libc.a(*)
 libm.a(*)
 libgcc.a(*)

.ARM.attributes
                0x00000000       0x29
 *(.ARM.attributes)
 .ARM.attributes
                0x00000000       0x1d C:/ST/STM32CubeIDE_1.16.1/STM32CubeIDE/plugins/com.st.stm32cube.ide.mcu.externaltools.gnu-tools-for-stm32.12.3.rel1.win32_1.0.200.202406191623/tools/bin/../lib/gcc/arm-none-eabi/12.3.1/thumb/v7-m/nofp/crti.o
 .ARM.attributes
                0x0000001d       0x2d C:/ST/STM32CubeIDE_1.16.1/STM32CubeIDE/plugins/com.st.stm32cube.ide.mcu.externaltools.gnu-tools-for-stm32.12.3.rel1.win32_1.0.200.202406191623/tools/bin/../lib/gcc/arm-none-eabi/12.3.1/thumb/v7-m/nofp/crtbegin.o
 .ARM.attributes
                0x0000004a       0x2d ./Core/Src/LCD.o
 .ARM.attributes
                0x00000077       0x2d ./Core/Src/adc.o
 .ARM.attributes
                0x000000a4       0x2d ./Core/Src/gpio.o
 .ARM.attributes
                0x000000d1       0x2d ./Core/Src/main.o
 .ARM.attributes
                0x000000fe       0x2d ./Core/Src/stm32f1xx_hal_msp.o
 .ARM.attributes
                0x0000012b       0x2d ./Core/Src/stm32f1xx_it.o
 .ARM.attributes
                0x00000158       0x2d ./Core/Src/system_stm32f1xx.o
 .ARM.attributes
                0x00000185       0x21 ./Core/Startup/startup_stm32f103c8tx.o
 .ARM.attributes
                0x000001a6       0x2d ./Drivers/STM32F1xx_HAL_Driver/Src/stm32f1xx_hal.o
 .ARM.attributes
                0x000001d3       0x2d ./Drivers/STM32F1xx_HAL_Driver/Src/stm32f1xx_hal_adc.o
 .ARM.attributes
                0x00000200       0x2d ./Drivers/STM32F1xx_HAL_Driver/Src/stm32f1xx_hal_adc_ex.o
 .ARM.attributes
                0x0000022d       0x2d ./Drivers/STM32F1xx_HAL_Driver/Src/stm32f1xx_hal_cortex.o
 .ARM.attributes
                0x0000025a       0x2d ./Drivers/STM32F1xx_HAL_Driver/Src/stm32f1xx_hal_gpio.o
 .ARM.attributes
                0x00000287       0x2d ./Drivers/STM32F1xx_HAL_Driver/Src/stm32f1xx_hal_rcc.o
 .ARM.attributes
                0x000002b4       0x2d ./Drivers/STM32F1xx_HAL_Driver/Src/stm32f1xx_hal_rcc_ex.o
 .ARM.attributes
                0x000002e1       0x2d C:/ST/STM32CubeIDE_1.16.1/STM32CubeIDE/plugins/com.st.stm32cube.ide.mcu.externaltools.gnu-tools-for-stm32.12.3.rel1.win32_1.0.200.202406191623/tools/bin/../lib/gcc/arm-none-eabi/12.3.1/../../../../arm-none-eabi/lib/thumb/v7-m/nofp\libc_nano.a(libc_a-memset.o)
 .ARM.attributes
                0x0000030e       0x2d C:/ST/STM32CubeIDE_1.16.1/STM32CubeIDE/plugins/com.st.stm32cube.ide.mcu.externaltools.gnu-tools-for-stm32.12.3.rel1.win32_1.0.200.202406191623/tools/bin/../lib/gcc/arm-none-eabi/12.3.1/../../../../arm-none-eabi/lib/thumb/v7-m/nofp\libc_nano.a(libc_a-init.o)
 .ARM.attributes
                0x0000033b       0x1d C:/ST/STM32CubeIDE_1.16.1/STM32CubeIDE/plugins/com.st.stm32cube.ide.mcu.externaltools.gnu-tools-for-stm32.12.3.rel1.win32_1.0.200.202406191623/tools/bin/../lib/gcc/arm-none-eabi/12.3.1/thumb/v7-m/nofp/crtn.o
OUTPUT(lab3.elf elf32-littlearm)
LOAD linker stubs
LOAD C:/ST/STM32CubeIDE_1.16.1/STM32CubeIDE/plugins/com.st.stm32cube.ide.mcu.externaltools.gnu-tools-for-stm32.12.3.rel1.win32_1.0.200.202406191623/tools/bin/../lib/gcc/arm-none-eabi/12.3.1/../../../../arm-none-eabi/lib/thumb/v7-m/nofp\libc.a
LOAD C:/ST/STM32CubeIDE_1.16.1/STM32CubeIDE/plugins/com.st.stm32cube.ide.mcu.externaltools.gnu-tools-for-stm32.12.3.rel1.win32_1.0.200.202406191623/tools/bin/../lib/gcc/arm-none-eabi/12.3.1/../../../../arm-none-eabi/lib/thumb/v7-m/nofp\libm.a
LOAD C:/ST/STM32CubeIDE_1.16.1/STM32CubeIDE/plugins/com.st.stm32cube.ide.mcu.externaltools.gnu-tools-for-stm32.12.3.rel1.win32_1.0.200.202406191623/tools/bin/../lib/gcc/arm-none-eabi/12.3.1/thumb/v7-m/nofp\libgcc.a

.debug_info     0x00000000     0x54d3
 .debug_info    0x00000000      0x2b9 ./Core/Src/LCD.o
 .debug_info    0x000002b9      0x94a ./Core/Src/adc.o
 .debug_info    0x00000c03      0x2d3 ./Core/Src/gpio.o
 .debug_info    0x00000ed6      0x310 ./Core/Src/main.o
 .debug_info    0x000011e6      0x1f1 ./Core/Src/stm32f1xx_hal_msp.o
 .debug_info    0x000013d7      0x57f ./Core/Src/stm32f1xx_it.o
 .debug_info    0x00001956      0x222 ./Core/Src/system_stm32f1xx.o
 .debug_info    0x00001b78       0x30 ./Core/Startup/startup_stm32f103c8tx.o
 .debug_info    0x00001ba8      0x704 ./Drivers/STM32F1xx_HAL_Driver/Src/stm32f1xx_hal.o
 .debug_info    0x000022ac      0xc50 ./Drivers/STM32F1xx_HAL_Driver/Src/stm32f1xx_hal_adc.o
 .debug_info    0x00002efc      0xa10 ./Drivers/STM32F1xx_HAL_Driver/Src/stm32f1xx_hal_adc_ex.o
 .debug_info    0x0000390c      0xa87 ./Drivers/STM32F1xx_HAL_Driver/Src/stm32f1xx_hal_cortex.o
 .debug_info    0x00004393      0x5ab ./Drivers/STM32F1xx_HAL_Driver/Src/stm32f1xx_hal_gpio.o
 .debug_info    0x0000493e      0x7d5 ./Drivers/STM32F1xx_HAL_Driver/Src/stm32f1xx_hal_rcc.o
 .debug_info    0x00005113      0x3c0 ./Drivers/STM32F1xx_HAL_Driver/Src/stm32f1xx_hal_rcc_ex.o

.debug_abbrev   0x00000000     0x1965
 .debug_abbrev  0x00000000      0x166 ./Core/Src/LCD.o
 .debug_abbrev  0x00000166      0x200 ./Core/Src/adc.o
 .debug_abbrev  0x00000366      0x13f ./Core/Src/gpio.o
 .debug_abbrev  0x000004a5      0x194 ./Core/Src/main.o
 .debug_abbrev  0x00000639       0xdb ./Core/Src/stm32f1xx_hal_msp.o
 .debug_abbrev  0x00000714      0x182 ./Core/Src/stm32f1xx_it.o
 .debug_abbrev  0x00000896      0x13f ./Core/Src/system_stm32f1xx.o
 .debug_abbrev  0x000009d5       0x24 ./Core/Startup/startup_stm32f103c8tx.o
 .debug_abbrev  0x000009f9      0x201 ./Drivers/STM32F1xx_HAL_Driver/Src/stm32f1xx_hal.o
 .debug_abbrev  0x00000bfa      0x225 ./Drivers/STM32F1xx_HAL_Driver/Src/stm32f1xx_hal_adc.o
 .debug_abbrev  0x00000e1f      0x249 ./Drivers/STM32F1xx_HAL_Driver/Src/stm32f1xx_hal_adc_ex.o
 .debug_abbrev  0x00001068      0x2f8 ./Drivers/STM32F1xx_HAL_Driver/Src/stm32f1xx_hal_cortex.o
 .debug_abbrev  0x00001360      0x1ca ./Drivers/STM32F1xx_HAL_Driver/Src/stm32f1xx_hal_gpio.o
 .debug_abbrev  0x0000152a      0x2b3 ./Drivers/STM32F1xx_HAL_Driver/Src/stm32f1xx_hal_rcc.o
 .debug_abbrev  0x000017dd      0x188 ./Drivers/STM32F1xx_HAL_Driver/Src/stm32f1xx_hal_rcc_ex.o

.debug_aranges  0x00000000      0x618
 .debug_aranges
                0x00000000       0x58 ./Core/Src/LCD.o
 .debug_aranges
                0x00000058       0x30 ./Core/Src/adc.o
 .debug_aranges
                0x00000088       0x20 ./Core/Src/gpio.o
 .debug_aranges
                0x000000a8       0x30 ./Core/Src/main.o
 .debug_aranges
                0x000000d8       0x20 ./Core/Src/stm32f1xx_hal_msp.o
 .debug_aranges
                0x000000f8       0x68 ./Core/Src/stm32f1xx_it.o
 .debug_aranges
                0x00000160       0x28 ./Core/Src/system_stm32f1xx.o
 .debug_aranges
                0x00000188       0x28 ./Core/Startup/startup_stm32f103c8tx.o
 .debug_aranges
                0x000001b0       0xe0 ./Drivers/STM32F1xx_HAL_Driver/Src/stm32f1xx_hal.o
 .debug_aranges
                0x00000290       0xf0 ./Drivers/STM32F1xx_HAL_Driver/Src/stm32f1xx_hal_adc.o
 .debug_aranges
                0x00000380       0x80 ./Drivers/STM32F1xx_HAL_Driver/Src/stm32f1xx_hal_adc_ex.o
 .debug_aranges
                0x00000400      0x100 ./Drivers/STM32F1xx_HAL_Driver/Src/stm32f1xx_hal_cortex.o
 .debug_aranges
                0x00000500       0x58 ./Drivers/STM32F1xx_HAL_Driver/Src/stm32f1xx_hal_gpio.o
 .debug_aranges
                0x00000558       0x90 ./Drivers/STM32F1xx_HAL_Driver/Src/stm32f1xx_hal_rcc.o
 .debug_aranges
                0x000005e8       0x30 ./Drivers/STM32F1xx_HAL_Driver/Src/stm32f1xx_hal_rcc_ex.o

.debug_rnglists
                0x00000000      0x46b
 .debug_rnglists
                0x00000000       0x3d ./Core/Src/LCD.o
 .debug_rnglists
                0x0000003d       0x20 ./Core/Src/adc.o
 .debug_rnglists
                0x0000005d       0x14 ./Core/Src/gpio.o
 .debug_rnglists
                0x00000071       0x20 ./Core/Src/main.o
 .debug_rnglists
                0x00000091       0x13 ./Core/Src/stm32f1xx_hal_msp.o
 .debug_rnglists
                0x000000a4       0x49 ./Core/Src/stm32f1xx_it.o
 .debug_rnglists
                0x000000ed       0x1a ./Core/Src/system_stm32f1xx.o
 .debug_rnglists
                0x00000107       0x19 ./Core/Startup/startup_stm32f103c8tx.o
 .debug_rnglists
                0x00000120       0xa3 ./Drivers/STM32F1xx_HAL_Driver/Src/stm32f1xx_hal.o
 .debug_rnglists
                0x000001c3       0xbc ./Drivers/STM32F1xx_HAL_Driver/Src/stm32f1xx_hal_adc.o
 .debug_rnglists
                0x0000027f       0x65 ./Drivers/STM32F1xx_HAL_Driver/Src/stm32f1xx_hal_adc_ex.o
 .debug_rnglists
                0x000002e4       0xbb ./Drivers/STM32F1xx_HAL_Driver/Src/stm32f1xx_hal_cortex.o
 .debug_rnglists
                0x0000039f       0x3f ./Drivers/STM32F1xx_HAL_Driver/Src/stm32f1xx_hal_gpio.o
 .debug_rnglists
                0x000003de       0x6c ./Drivers/STM32F1xx_HAL_Driver/Src/stm32f1xx_hal_rcc.o
 .debug_rnglists
                0x0000044a       0x21 ./Drivers/STM32F1xx_HAL_Driver/Src/stm32f1xx_hal_rcc_ex.o

.debug_macro    0x00000000    0x16b94
 .debug_macro   0x00000000      0x1db ./Core/Src/LCD.o
 .debug_macro   0x000001db      0xaa8 ./Core/Src/LCD.o
 .debug_macro   0x00000c83      0x215 ./Core/Src/LCD.o
 .debug_macro   0x00000e98       0x2e ./Core/Src/LCD.o
 .debug_macro   0x00000ec6       0x22 ./Core/Src/LCD.o
 .debug_macro   0x00000ee8       0x22 ./Core/Src/LCD.o
 .debug_macro   0x00000f0a       0x8e ./Core/Src/LCD.o
 .debug_macro   0x00000f98       0x51 ./Core/Src/LCD.o
 .debug_macro   0x00000fe9      0x103 ./Core/Src/LCD.o
 .debug_macro   0x000010ec       0x6a ./Core/Src/LCD.o
 .debug_macro   0x00001156      0x1df ./Core/Src/LCD.o
 .debug_macro   0x00001335       0x1c ./Core/Src/LCD.o
 .debug_macro   0x00001351       0x22 ./Core/Src/LCD.o
 .debug_macro   0x00001373       0xbd ./Core/Src/LCD.o
 .debug_macro   0x00001430      0xd23 ./Core/Src/LCD.o
 .debug_macro   0x00002153     0xe09e ./Core/Src/LCD.o
 .debug_macro   0x000101f1       0x6d ./Core/Src/LCD.o
 .debug_macro   0x0001025e     0x34a2 ./Core/Src/LCD.o
 .debug_macro   0x00013700      0x189 ./Core/Src/LCD.o
 .debug_macro   0x00013889       0x5c ./Core/Src/LCD.o
 .debug_macro   0x000138e5      0x5bc ./Core/Src/LCD.o
 .debug_macro   0x00013ea1      0x289 ./Core/Src/LCD.o
 .debug_macro   0x0001412a      0x1cb ./Core/Src/LCD.o
 .debug_macro   0x000142f5      0x114 ./Core/Src/LCD.o
 .debug_macro   0x00014409      0x1b2 ./Core/Src/LCD.o
 .debug_macro   0x000145bb       0x27 ./Core/Src/LCD.o
 .debug_macro   0x000145e2      0x136 ./Core/Src/LCD.o
 .debug_macro   0x00014718      0x1bc ./Core/Src/LCD.o
 .debug_macro   0x000148d4       0x34 ./Core/Src/LCD.o
 .debug_macro   0x00014908       0x3c ./Core/Src/LCD.o
 .debug_macro   0x00014944       0x57 ./Core/Src/LCD.o
 .debug_macro   0x0001499b      0x46a ./Core/Src/LCD.o
 .debug_macro   0x00014e05      0x1b5 ./Core/Src/LCD.o
 .debug_macro   0x00014fba       0x87 ./Core/Src/LCD.o
 .debug_macro   0x00015041      0x240 ./Core/Src/LCD.o
 .debug_macro   0x00015281      0x140 ./Core/Src/LCD.o
 .debug_macro   0x000153c1       0x83 ./Core/Src/LCD.o
 .debug_macro   0x00015444       0x9a ./Core/Src/LCD.o
 .debug_macro   0x000154de      0x1b1 ./Core/Src/adc.o
 .debug_macro   0x0001568f       0x94 ./Core/Src/adc.o
 .debug_macro   0x00015723      0x1b1 ./Core/Src/gpio.o
 .debug_macro   0x000158d4      0x1c8 ./Core/Src/main.o
 .debug_macro   0x00015a9c       0x10 ./Core/Src/main.o
 .debug_macro   0x00015aac      0x1a7 ./Core/Src/stm32f1xx_hal_msp.o
 .debug_macro   0x00015c53      0x1b1 ./Core/Src/stm32f1xx_it.o
 .debug_macro   0x00015e04      0x198 ./Core/Src/system_stm32f1xx.o
 .debug_macro   0x00015f9c      0x1bc ./Drivers/STM32F1xx_HAL_Driver/Src/stm32f1xx_hal.o
 .debug_macro   0x00016158      0x1b5 ./Drivers/STM32F1xx_HAL_Driver/Src/stm32f1xx_hal_adc.o
 .debug_macro   0x0001630d      0x1aa ./Drivers/STM32F1xx_HAL_Driver/Src/stm32f1xx_hal_adc_ex.o
 .debug_macro   0x000164b7      0x198 ./Drivers/STM32F1xx_HAL_Driver/Src/stm32f1xx_hal_cortex.o
 .debug_macro   0x0001664f      0x203 ./Drivers/STM32F1xx_HAL_Driver/Src/stm32f1xx_hal_gpio.o
 .debug_macro   0x00016852      0x1aa ./Drivers/STM32F1xx_HAL_Driver/Src/stm32f1xx_hal_rcc.o
 .debug_macro   0x000169fc      0x198 ./Drivers/STM32F1xx_HAL_Driver/Src/stm32f1xx_hal_rcc_ex.o

.debug_line     0x00000000     0x879e
 .debug_line    0x00000000      0x7dd ./Core/Src/LCD.o
 .debug_line    0x000007dd      0x75f ./Core/Src/adc.o
 .debug_line    0x00000f3c      0x70a ./Core/Src/gpio.o
 .debug_line    0x00001646      0x78c ./Core/Src/main.o
 .debug_line    0x00001dd2      0x6ee ./Core/Src/stm32f1xx_hal_msp.o
 .debug_line    0x000024c0      0x7c7 ./Core/Src/stm32f1xx_it.o
 .debug_line    0x00002c87      0x76b ./Core/Src/system_stm32f1xx.o
 .debug_line    0x000033f2       0x78 ./Core/Startup/startup_stm32f103c8tx.o
 .debug_line    0x0000346a      0x998 ./Drivers/STM32F1xx_HAL_Driver/Src/stm32f1xx_hal.o
 .debug_line    0x00003e02     0x1015 ./Drivers/STM32F1xx_HAL_Driver/Src/stm32f1xx_hal_adc.o
 .debug_line    0x00004e17      0xd4f ./Drivers/STM32F1xx_HAL_Driver/Src/stm32f1xx_hal_adc_ex.o
 .debug_line    0x00005b66      0xb84 ./Drivers/STM32F1xx_HAL_Driver/Src/stm32f1xx_hal_cortex.o
 .debug_line    0x000066ea      0xa31 ./Drivers/STM32F1xx_HAL_Driver/Src/stm32f1xx_hal_gpio.o
 .debug_line    0x0000711b      0xda1 ./Drivers/STM32F1xx_HAL_Driver/Src/stm32f1xx_hal_rcc.o
 .debug_line    0x00007ebc      0x8e2 ./Drivers/STM32F1xx_HAL_Driver/Src/stm32f1xx_hal_rcc_ex.o

.debug_str      0x00000000    0x81451
 .debug_str     0x00000000    0x7f769 ./Core/Src/LCD.o
                              0x7fa95 (size before relaxing)
 .debug_str     0x0007f769      0x695 ./Core/Src/adc.o
                              0x800c1 (size before relaxing)
 .debug_str     0x0007fdfe       0x2c ./Core/Src/gpio.o
                              0x7fa01 (size before relaxing)
 .debug_str     0x0007fe2a      0x204 ./Core/Src/main.o
                              0x7fb97 (size before relaxing)
 .debug_str     0x0008002e       0x5a ./Core/Src/stm32f1xx_hal_msp.o
                              0x7f989 (size before relaxing)
 .debug_str     0x00080088       0xdc ./Core/Src/stm32f1xx_it.o
                              0x7fce1 (size before relaxing)
 .debug_str     0x00080164       0x88 ./Core/Src/system_stm32f1xx.o
                              0x7f781 (size before relaxing)
 .debug_str     0x000801ec       0x44 ./Core/Startup/startup_stm32f103c8tx.o
                                 0x7c (size before relaxing)
 .debug_str     0x00080230      0x384 ./Drivers/STM32F1xx_HAL_Driver/Src/stm32f1xx_hal.o
                              0x7feb4 (size before relaxing)
 .debug_str     0x000805b4      0x39e ./Drivers/STM32F1xx_HAL_Driver/Src/stm32f1xx_hal_adc.o
                              0x7fe65 (size before relaxing)
 .debug_str     0x00080952      0x2d8 ./Drivers/STM32F1xx_HAL_Driver/Src/stm32f1xx_hal_adc_ex.o
                              0x7fe35 (size before relaxing)
 .debug_str     0x00080c2a      0x294 ./Drivers/STM32F1xx_HAL_Driver/Src/stm32f1xx_hal_cortex.o
                              0x7fe00 (size before relaxing)
 .debug_str     0x00080ebe      0x2e6 ./Drivers/STM32F1xx_HAL_Driver/Src/stm32f1xx_hal_gpio.o
                              0x7fb07 (size before relaxing)
 .debug_str     0x000811a4      0x229 ./Drivers/STM32F1xx_HAL_Driver/Src/stm32f1xx_hal_rcc.o
                              0x7fbb0 (size before relaxing)
 .debug_str     0x000813cd       0x84 ./Drivers/STM32F1xx_HAL_Driver/Src/stm32f1xx_hal_rcc_ex.o
                              0x7f900 (size before relaxing)

.comment        0x00000000       0x43
 .comment       0x00000000       0x43 ./Core/Src/LCD.o
                                 0x44 (size before relaxing)
 .comment       0x00000043       0x44 ./Core/Src/adc.o
 .comment       0x00000043       0x44 ./Core/Src/gpio.o
 .comment       0x00000043       0x44 ./Core/Src/main.o
 .comment       0x00000043       0x44 ./Core/Src/stm32f1xx_hal_msp.o
 .comment       0x00000043       0x44 ./Core/Src/stm32f1xx_it.o
 .comment       0x00000043       0x44 ./Core/Src/system_stm32f1xx.o
 .comment       0x00000043       0x44 ./Drivers/STM32F1xx_HAL_Driver/Src/stm32f1xx_hal.o
 .comment       0x00000043       0x44 ./Drivers/STM32F1xx_HAL_Driver/Src/stm32f1xx_hal_adc.o
 .comment       0x00000043       0x44 ./Drivers/STM32F1xx_HAL_Driver/Src/stm32f1xx_hal_adc_ex.o
 .comment       0x00000043       0x44 ./Drivers/STM32F1xx_HAL_Driver/Src/stm32f1xx_hal_cortex.o
 .comment       0x00000043       0x44 ./Drivers/STM32F1xx_HAL_Driver/Src/stm32f1xx_hal_gpio.o
 .comment       0x00000043       0x44 ./Drivers/STM32F1xx_HAL_Driver/Src/stm32f1xx_hal_rcc.o
 .comment       0x00000043       0x44 ./Drivers/STM32F1xx_HAL_Driver/Src/stm32f1xx_hal_rcc_ex.o

.debug_frame    0x00000000     0x1584
 .debug_frame   0x00000000      0x124 ./Core/Src/LCD.o
 .debug_frame   0x00000124       0x7c ./Core/Src/adc.o
 .debug_frame   0x000001a0       0x34 ./Core/Src/gpio.o
 .debug_frame   0x000001d4       0x68 ./Core/Src/main.o
 .debug_frame   0x0000023c       0x38 ./Core/Src/stm32f1xx_hal_msp.o
 .debug_frame   0x00000274      0x120 ./Core/Src/stm32f1xx_it.o
 .debug_frame   0x00000394       0x58 ./Core/Src/system_stm32f1xx.o
 .debug_frame   0x000003ec      0x334 ./Drivers/STM32F1xx_HAL_Driver/Src/stm32f1xx_hal.o
 .debug_frame   0x00000720      0x40c ./Drivers/STM32F1xx_HAL_Driver/Src/stm32f1xx_hal_adc.o
 .debug_frame   0x00000b2c      0x200 ./Drivers/STM32F1xx_HAL_Driver/Src/stm32f1xx_hal_adc_ex.o
 .debug_frame   0x00000d2c      0x428 ./Drivers/STM32F1xx_HAL_Driver/Src/stm32f1xx_hal_cortex.o
 .debug_frame   0x00001154      0x14c ./Drivers/STM32F1xx_HAL_Driver/Src/stm32f1xx_hal_gpio.o
 .debug_frame   0x000012a0      0x218 ./Drivers/STM32F1xx_HAL_Driver/Src/stm32f1xx_hal_rcc.o
 .debug_frame   0x000014b8       0x80 ./Drivers/STM32F1xx_HAL_Driver/Src/stm32f1xx_hal_rcc_ex.o
 .debug_frame   0x00001538       0x20 C:/ST/STM32CubeIDE_1.16.1/STM32CubeIDE/plugins/com.st.stm32cube.ide.mcu.externaltools.gnu-tools-for-stm32.12.3.rel1.win32_1.0.200.202406191623/tools/bin/../lib/gcc/arm-none-eabi/12.3.1/../../../../arm-none-eabi/lib/thumb/v7-m/nofp\libc_nano.a(libc_a-memset.o)
 .debug_frame   0x00001558       0x2c C:/ST/STM32CubeIDE_1.16.1/STM32CubeIDE/plugins/com.st.stm32cube.ide.mcu.externaltools.gnu-tools-for-stm32.12.3.rel1.win32_1.0.200.202406191623/tools/bin/../lib/gcc/arm-none-eabi/12.3.1/../../../../arm-none-eabi/lib/thumb/v7-m/nofp\libc_nano.a(libc_a-init.o)

.debug_line_str
                0x00000000       0x60
 .debug_line_str
                0x00000000       0x60 ./Core/Startup/startup_stm32f103c8tx.o
