../Core/Src/main.c:77:6:make_00	16	static
../Core/Src/main.c:82:10:ADC_OBTAIN_VAL	24	static
../Core/Src/main.c:97:6:inc_time	40	static
../Core/Src/main.c:112:6:inc_pause_time	16	static
../Core/Src/main.c:116:6:dec_timer_time	32	static
../Core/Src/main.c:131:6:set_time	40	static
../Core/Src/main.c:138:6:perform_action	16	static
../Core/Src/main.c:156:6:HAL_GPIO_EXTI_Callback	16	static
../Core/Src/main.c:176:6:Display	8	static
../Core/Src/main.c:184:6:HAL_TIM_PeriodElapsedCallback	24	static
../Core/Src/main.c:206:5:main	24	static
../Core/Src/main.c:262:6:SystemClock_Config	88	static
../Core/Src/main.c:312:6:Error_Handler	4	static,ignoring_inline_asm
