../Core/Src/main.c:83:6:make_00	16	static
../Core/Src/main.c:88:10:ADC_OBTAIN_VAL	24	static
../Core/Src/main.c:103:6:inc_time	40	static
../Core/Src/main.c:118:6:inc_pause_time	16	static
../Core/Src/main.c:122:6:dec_timer_time	32	static
../Core/Src/main.c:137:6:set_menu	32	static
../Core/Src/main.c:152:6:set_move	16	static
../Core/Src/main.c:165:6:set_time	40	static
../Core/Src/main.c:172:6:perform_action	16	static
../Core/Src/main.c:199:6:HAL_GPIO_EXTI_Callback	16	static
../Core/Src/main.c:230:6:Display	8	static
../Core/Src/main.c:238:6:HAL_TIM_PeriodElapsedCallback	24	static
../Core/Src/main.c:264:5:main	24	static
../Core/Src/main.c:321:6:SystemClock_Config	88	static
../Core/Src/main.c:371:6:Error_Handler	4	static,ignoring_inline_asm
